Lint error always_error: Exited with code 1 .qlty/out/invocations/invoke-[..].yaml

Checked 2 files
