

app/models/model.rb
   1  Found 28 lines of identical code in 2 locations (mass = 81)
        also found at app/controllers/controller.rb

