     [0/3] [..]Analyzing all targets... [..]s
     [1/3] [..]Checking structure of 6 files... [..]s
     [2/3] [..]Looking for duplication across 6 files... [..]s
     [3/3] [..]Reporting...[..]