     [0/3] [..]Analyzing 1 path... [..]s
     [1/3] [..]Checking structure of 1 files... [..]s
     [2/3] [..]Looking for duplication across 1 files... [..]s
     [3/3] [..]Reporting...[..]