     [0/2] [..]Analyzing 1 path... [..]s
     [1/2] [..]Checking structure of 1 files... [..]s
     [2/2] [..]Reporting...[..]