     [0/2] [..]Analyzing all targets... [..]s
     [1/2] [..]Checking structure of 1 files... [..]s
     [2/2] [..]Reporting...[..]