     [0/3] [..]Analyzing vs. main... [..]s
     [1/3] [..]Checking structure of 0 files... [..]s
     [2/3] [..]Looking for duplication across 0 files... [..]s
     [3/3] [..]Reporting...[..]