     [0/1] [..]Planning... [..]s
     [1/1] [..]Analyzing vs. main...[..]
âœ– 1 issues
