
[0m [0m[0m[0mname [0m [0m[0m|[0m[0m [0m[0m[0mclasses[0m [0m[0m|[0m[0m [0m[0m[0mfuncs[0m [0m[0m|[0m[0m [0m[0m[0mfields[0m [0m[0m|[0m[0m [0m[0m[0mcyclo[0m [0m[0m|[0m[0m [0m[0m[0mcomplex[0m [0m[0m|[0m[0m [0m[0m[0mLCOM[0m [0m[0m|[0m[0m [0m[0m[0mlines[0m [0m[0m|[0m[0m [0m[0m[0mLOC[0m [0m
[0m[0m-------[0m[0m+[0m[0m---------[0m[0m+[0m[0m-------[0m[0m+[0m[0m--------[0m[0m+[0m[0m-------[0m[0m+[0m[0m---------[0m[0m+[0m[0m------[0m[0m+[0m[0m-------[0m[0m+[0m[0m-----[0m[0m[0m
[0m[0m [0m[0m[0mapp  [0m [0m[0m|[0m[0m [0m[0m[0m      2[0m [0m[0m|[0m[0m [0m[0m[0m    5[0m [0m[0m|[0m[0m [0m[0m[0m     5[0m [0m[0m|[0m[0m [0m[0m[0m    4[0m [0m[0m|[0m[0m [0m[0m[0m      3[0m [0m[0m|[0m[0m [0m[0m[0m   1[0m [0m[0m|[0m[0m [0m[0m[0m   25[0m [0m[0m|[0m[0m [0m[0m[0m 20[0m [0m
[0m[0m [0m[0m[0mTOTAL[0m [0m[0m|[0m[0m [0m[0m[0m      2[0m [0m[0m|[0m[0m [0m[0m[0m    5[0m [0m[0m|[0m[0m [0m[0m[0m     5[0m [0m[0m|[0m[0m [0m[0m[0m    4[0m [0m[0m|[0m[0m [0m[0m[0m      3[0m [0m[0m|[0m[0m [0m[0m[0m   1[0m [0m[0m|[0m[0m [0m[0m[0m   25[0m [0m[0m|[0m[0m [0m[0m[0m 20[0m [0m
[0m