     [0/3] [..]Planning... [..]s
     [1/3] [..]Analyzing files over all targets... [..]s
     [2/3] [..]Parsing 3 files... [..]s
     [3/3] [..]Reporting...[..]