
[0m [0m[0m[0mname      [0m [0m[0m|[0m[0m [0m[0m[0mclasses[0m [0m[0m|[0m[0m [0m[0m[0mfuncs[0m [0m[0m|[0m[0m [0m[0m[0mfields[0m [0m[0m|[0m[0m [0m[0m[0mcyclo[0m [0m[0m|[0m[0m [0m[0m[0mcomplex[0m [0m[0m|[0m[0m [0m[0m[0mLCOM[0m [0m[0m|[0m[0m [0m[0m[0mlines[0m [0m[0m|[0m[0m [0m[0m[0mLOC[0m [0m
[0m[0m------------[0m[0m+[0m[0m---------[0m[0m+[0m[0m-------[0m[0m+[0m[0m--------[0m[0m+[0m[0m-------[0m[0m+[0m[0m---------[0m[0m+[0m[0m------[0m[0m+[0m[0m-------[0m[0m+[0m[0m-----[0m[0m[0m
[0m[0m [0m[0m[0mapp       [0m [0m[0m|[0m[0m [0m[0m[0m      2[0m [0m[0m|[0m[0m [0m[0m[0m    5[0m [0m[0m|[0m[0m [0m[0m[0m     5[0m [0m[0m|[0m[0m [0m[0m[0m    4[0m [0m[0m|[0m[0m [0m[0m[0m      3[0m [0m[0m|[0m[0m [0m[0m[0m   1[0m [0m[0m|[0m[0m [0m[0m[0m   25[0m [0m[0m|[0m[0m [0m[0m[0m 20[0m [0m
[0m[0m [0m[0m[0mapp/models[0m [0m[0m|[0m[0m [0m[0m[0m      1[0m [0m[0m|[0m[0m [0m[0m[0m    4[0m [0m[0m|[0m[0m [0m[0m[0m     5[0m [0m[0m|[0m[0m [0m[0m[0m    2[0m [0m[0m|[0m[0m [0m[0m[0m      2[0m [0m[0m|[0m[0m [0m[0m[0m   1[0m [0m[0m|[0m[0m [0m[0m[0m   19[0m [0m[0m|[0m[0m [0m[0m[0m 16[0m [0m
[0m[0m [0m[0m[0mTOTAL     [0m [0m[0m|[0m[0m [0m[0m[0m      3[0m [0m[0m|[0m[0m [0m[0m[0m    9[0m [0m[0m|[0m[0m [0m[0m[0m    10[0m [0m[0m|[0m[0m [0m[0m[0m    6[0m [0m[0m|[0m[0m [0m[0m[0m      5[0m [0m[0m|[0m[0m [0m[0m[0m   2[0m [0m[0m|[0m[0m [0m[0m[0m   44[0m [0m[0m|[0m[0m [0m[0m[0m 36[0m [0m
[0m