
[0m [0m[0m[0mname [0m [0m[0m|[0m[0m [0m[0m[0mclasses[0m [0m[0m|[0m[0m [0m[0m[0mfuncs[0m [0m[0m|[0m[0m [0m[0m[0mfields[0m [0m[0m|[0m[0m [0m[0m[0mcyclo[0m [0m[0m|[0m[0m [0m[0m[0mcomplex[0m [0m[0m|[0m[0m [0m[0m[0mLCOM[0m [0m[0m|[0m[0m [0m[0m[0mlines[0m [0m[0m|[0m[0m [0m[0m[0mLOC[0m [0m
[0m[0m-------[0m[0m+[0m[0m---------[0m[0m+[0m[0m-------[0m[0m+[0m[0m--------[0m[0m+[0m[0m-------[0m[0m+[0m[0m---------[0m[0m+[0m[0m------[0m[0m+[0m[0m-------[0m[0m+[0m[0m-----[0m[0m[0m
[0m[0m [0m[0m[0mapp  [0m [0m[0m|[0m[0m [0m[0m[0m      1[0m [0m[0m|[0m[0m [0m[0m[0m    6[0m [0m[0m|[0m[0m [0m[0m[0m     1[0m [0m[0m|[0m[0m [0m[0m[0m    3[0m [0m[0m|[0m[0m [0m[0m[0m      3[0m [0m[0m|[0m[0m [0m[0m[0m   1[0m [0m[0m|[0m[0m [0m[0m[0m   44[0m [0m[0m|[0m[0m [0m[0m[0m 27[0m [0m
[0m[0m [0m[0m[0mTOTAL[0m [0m[0m|[0m[0m [0m[0m[0m      1[0m [0m[0m|[0m[0m [0m[0m[0m    6[0m [0m[0m|[0m[0m [0m[0m[0m     1[0m [0m[0m|[0m[0m [0m[0m[0m    3[0m [0m[0m|[0m[0m [0m[0m[0m      3[0m [0m[0m|[0m[0m [0m[0m[0m   1[0m [0m[0m|[0m[0m [0m[0m[0m   44[0m [0m[0m|[0m[0m [0m[0m[0m 27[0m [0m
[0m